14:30:20 **** Incremental Build of configuration Debug for project Midterm_24h ****
make -j8 all 
arm-none-eabi-gcc "../Core/Src/input_processing.c" -mcpu=cortex-m3 -std=gnu11 -g3 -DDEBUG -DUSE_HAL_DRIVER -DSTM32F103x6 -c -I../Core/Inc -I../Drivers/STM32F1xx_HAL_Driver/Inc -I../Drivers/STM32F1xx_HAL_Driver/Inc/Legacy -I../Drivers/CMSIS/Device/ST/STM32F1xx/Include -I../Drivers/CMSIS/Include -O0 -ffunction-sections -fdata-sections -Wall -fstack-usage -MMD -MP -MF"Core/Src/input_processing.d" -MT"Core/Src/input_processing.o" --specs=nano.specs -mfloat-abi=soft -mthumb -o "Core/Src/input_processing.o"
arm-none-eabi-gcc -o "Midterm_24h.elf" @"objects.list"   -mcpu=cortex-m3 -T"G:\Vi xu li\Project\STM32LAB\Midterm_24h\Midterm_24h\STM32F103C6UX_FLASH.ld" --specs=nosys.specs -Wl,-Map="Midterm_24h.map" -Wl,--gc-sections -static --specs=nano.specs -mfloat-abi=soft -mthumb -Wl,--start-group -lc -lm -Wl,--end-group
Finished building target: Midterm_24h.elf
 
arm-none-eabi-size   Midterm_24h.elf 
arm-none-eabi-objdump -h -S  Midterm_24h.elf  > "Midterm_24h.list"
arm-none-eabi-objcopy  -O ihex  Midterm_24h.elf  "Midterm_24h.hex"
arm-none-eabi-objcopy  -O binary  Midterm_24h.elf  "Midterm_24h.bin"
   text	   data	    bss	    dec	    hex	filename
   8812	     48	   1688	  10548	   2934	Midterm_24h.elf
Finished building: default.size.stdout
 
Finished building: Midterm_24h.hex
Finished building: Midterm_24h.bin
 
Finished building: Midterm_24h.list
 
 
